{
'project:dojo-1.8.1/dojox/validate/creditCard.js.uncompressed.js':[
79,
83,
],
'project:ecmascript6/sonar-web/src/main/js/components/shared/avatar.js':[
18,
],
'project:ecmascript6/sonar-web/src/main/js/helpers/handlebars-helpers.js':[
580,
],
'project:google-closure-library/i18n/messageformat.js':[
205,
],
'project:paper-0.22.js':[
126,
7633,
],
'project:yui-3.7.3/datatable-sort/datatable-sort.js':[
575,
],
}
